// Jest Snapshot v1, https://goo.gl/fbAQLP

exports[`<Loader/> component should render loader 1`] = `
<div>
  Loading data...
</div>
`;
