// Jest Snapshot v1, https://goo.gl/fbAQLP

exports[`<Vehicle/> component should render vehicle 1`] = `
<dl>
  <dt>
    Model:
  </dt>
  <dd>
    Vehicle model
  </dd>
  <dt>
    Name:
  </dt>
  <dd>
    Vehicle name
  </dd>
</dl>
`;
